kinsh@Kinshuk-PC MINGW64 /e/Kinshuk/Code/TitanBay
$ chmod +x setup_project.sh 

kinsh@Kinshuk-PC MINGW64 /e/Kinshuk/Code/TitanBay
$ ./setup_project.sh
Creating project structure...
Creating configuration files...
Creating core application files...
Creating database layer...
Creating data models...
Creating Pydantic schemas...
Creating repositories...
Creating service layer...
Creating API endpoints...
Creating README...
Done! Project created in 'titanbay-service' directory.
To run: cd titanbay-service && docker-compose up --build

kinsh@Kinshuk-PC MINGW64 /e/Kinshuk/Code/TitanBay
$ chmod +x fix_project.sh && ./fix_project.sh
----------------------------------------
Fixing Missing Schemas (Investors)
----------------------------------------
----------------------------------------
Fixing Missing Repositories (Investors)
----------------------------------------
----------------------------------------
Fixing Missing Services (Investors)
----------------------------------------
----------------------------------------
Fixing Missing Endpoints (Investors.py)
----------------------------------------
----------------------------------------
Updating Funds Logic (Adding PUT Support)
----------------------------------------
----------------------------------------
Registering New Router in Main.py
----------------------------------------
Fix complete. Please run 'docker-compose up --build' to apply changes.

kinsh@Kinshuk-PC MINGW64 /e/Kinshuk/Code/TitanBay
$ chmod +x finalize_project.sh&& ./finalize_project.sh 
----------------------------------------
1. Creating 'app/api/v1/api.py' (Router Aggregator)
----------------------------------------
----------------------------------------
2. Creating 'app/core/exceptions.py' (Global Error Handling)
----------------------------------------
----------------------------------------
3. Updating 'app/main.py' to wire everything together
----------------------------------------
----------------------------------------
Done! Project structure is now 100% complete.
----------------------------------------

kinsh@Kinshuk-PC MINGW64 /e/Kinshuk/Code/TitanBay
$ chmod +x refactor_investments.sh && ./refactor_investments.sh 
----------------------------------------
1. Creating 'app/services/investment_service.py'
----------------------------------------
----------------------------------------
2. Cleaning up 'app/services/fund_service.py'
----------------------------------------
----------------------------------------
3. Creating 'app/api/v1/endpoints/investments.py'
----------------------------------------
----------------------------------------
4. Cleaning up 'app/api/v1/endpoints/funds.py'
----------------------------------------
----------------------------------------
5. Updating 'app/api/v1/api.py'
----------------------------------------
Refactor Complete! Services and Controllers are now decoupled.

# The files were later renamed to add prefix of `1`, `2`, etc. to maintain order of executions.